// Jest Snapshot v1, https://goo.gl/fbAQLP

exports[`Center correct usage renders custom width 1`] = `
.c0 {
  --maxWidth: 320px;
  box-sizing: content-box;
  margin-inline-start: auto;
  margin-inline-end: auto;
  margin-inline: auto;
  max-inline-size: var(--maxWidth);
}

<div
  className="c0"
>
  <p>
    Lorem ipsum dolor sit amet, consectetur adipiscing elit. Nullam in vestibulum tortor, vitae venenatis lectus. Praesent gravida dapibus neque sit amet molestie. Morbi blandit eu dolor a luctus. Vestibulum sollicitudin elit ac nunc scelerisque rhoncus. Nulla felis sapien, condimentum ut imperdiet vel, aliquet id ante. Pellentesque habitant morbi tristique senectus et netus et malesuada fames ac turpis egestas. Quisque ultrices, quam nec scelerisque malesuada, lectus elit semper diam, ac placerat purus tortor et enim.
  </p>
  <p>
    Lorem ipsum dolor sit amet, consectetur adipiscing elit. Nullam in vestibulum tortor, vitae venenatis lectus. Praesent gravida dapibus neque sit amet molestie. Morbi blandit eu dolor a luctus. Vestibulum sollicitudin elit ac nunc scelerisque rhoncus. Nulla felis sapien, condimentum ut imperdiet vel, aliquet id ante. Pellentesque habitant morbi tristique senectus et netus et malesuada fames ac turpis egestas. Quisque ultrices, quam nec scelerisque malesuada, lectus elit semper diam, ac placerat purus tortor et enim.
  </p>
  <p>
    Lorem ipsum dolor sit amet, consectetur adipiscing elit. Nullam in vestibulum tortor, vitae venenatis lectus. Praesent gravida dapibus neque sit amet molestie. Morbi blandit eu dolor a luctus. Vestibulum sollicitudin elit ac nunc scelerisque rhoncus. Nulla felis sapien, condimentum ut imperdiet vel, aliquet id ante. Pellentesque habitant morbi tristique senectus et netus et malesuada fames ac turpis egestas. Quisque ultrices, quam nec scelerisque malesuada, lectus elit semper diam, ac placerat purus tortor et enim.
  </p>
  <p>
    Lorem ipsum dolor sit amet, consectetur adipiscing elit. Nullam in vestibulum tortor, vitae venenatis lectus. Praesent gravida dapibus neque sit amet molestie. Morbi blandit eu dolor a luctus. Vestibulum sollicitudin elit ac nunc scelerisque rhoncus. Nulla felis sapien, condimentum ut imperdiet vel, aliquet id ante. Pellentesque habitant morbi tristique senectus et netus et malesuada fames ac turpis egestas. Quisque ultrices, quam nec scelerisque malesuada, lectus elit semper diam, ac placerat purus tortor et enim.
  </p>
</div>
`;

exports[`Center correct usage renders default width 1`] = `
.c0 {
  --maxWidth: 1023px;
  box-sizing: content-box;
  margin-inline-start: auto;
  margin-inline-end: auto;
  margin-inline: auto;
  max-inline-size: var(--maxWidth);
}

<div
  className="c0"
>
  <p>
    Lorem ipsum dolor sit amet, consectetur adipiscing elit. Nullam in vestibulum tortor, vitae venenatis lectus. Praesent gravida dapibus neque sit amet molestie. Morbi blandit eu dolor a luctus. Vestibulum sollicitudin elit ac nunc scelerisque rhoncus. Nulla felis sapien, condimentum ut imperdiet vel, aliquet id ante. Pellentesque habitant morbi tristique senectus et netus et malesuada fames ac turpis egestas. Quisque ultrices, quam nec scelerisque malesuada, lectus elit semper diam, ac placerat purus tortor et enim.
  </p>
  <p>
    Lorem ipsum dolor sit amet, consectetur adipiscing elit. Nullam in vestibulum tortor, vitae venenatis lectus. Praesent gravida dapibus neque sit amet molestie. Morbi blandit eu dolor a luctus. Vestibulum sollicitudin elit ac nunc scelerisque rhoncus. Nulla felis sapien, condimentum ut imperdiet vel, aliquet id ante. Pellentesque habitant morbi tristique senectus et netus et malesuada fames ac turpis egestas. Quisque ultrices, quam nec scelerisque malesuada, lectus elit semper diam, ac placerat purus tortor et enim.
  </p>
  <p>
    Lorem ipsum dolor sit amet, consectetur adipiscing elit. Nullam in vestibulum tortor, vitae venenatis lectus. Praesent gravida dapibus neque sit amet molestie. Morbi blandit eu dolor a luctus. Vestibulum sollicitudin elit ac nunc scelerisque rhoncus. Nulla felis sapien, condimentum ut imperdiet vel, aliquet id ante. Pellentesque habitant morbi tristique senectus et netus et malesuada fames ac turpis egestas. Quisque ultrices, quam nec scelerisque malesuada, lectus elit semper diam, ac placerat purus tortor et enim.
  </p>
  <p>
    Lorem ipsum dolor sit amet, consectetur adipiscing elit. Nullam in vestibulum tortor, vitae venenatis lectus. Praesent gravida dapibus neque sit amet molestie. Morbi blandit eu dolor a luctus. Vestibulum sollicitudin elit ac nunc scelerisque rhoncus. Nulla felis sapien, condimentum ut imperdiet vel, aliquet id ante. Pellentesque habitant morbi tristique senectus et netus et malesuada fames ac turpis egestas. Quisque ultrices, quam nec scelerisque malesuada, lectus elit semper diam, ac placerat purus tortor et enim.
  </p>
</div>
`;

exports[`Center correct usage renders with theme overrides 1`] = `
.c0 {
  --maxWidth: 1600px;
  box-sizing: content-box;
  margin-inline-start: auto;
  margin-inline-end: auto;
  margin-inline: auto;
  max-inline-size: var(--maxWidth);
}

<div
  className="c0"
>
  <p>
    Lorem ipsum dolor sit amet, consectetur adipiscing elit. Nullam in vestibulum tortor, vitae venenatis lectus. Praesent gravida dapibus neque sit amet molestie. Morbi blandit eu dolor a luctus. Vestibulum sollicitudin elit ac nunc scelerisque rhoncus. Nulla felis sapien, condimentum ut imperdiet vel, aliquet id ante. Pellentesque habitant morbi tristique senectus et netus et malesuada fames ac turpis egestas. Quisque ultrices, quam nec scelerisque malesuada, lectus elit semper diam, ac placerat purus tortor et enim.
  </p>
  <p>
    Lorem ipsum dolor sit amet, consectetur adipiscing elit. Nullam in vestibulum tortor, vitae venenatis lectus. Praesent gravida dapibus neque sit amet molestie. Morbi blandit eu dolor a luctus. Vestibulum sollicitudin elit ac nunc scelerisque rhoncus. Nulla felis sapien, condimentum ut imperdiet vel, aliquet id ante. Pellentesque habitant morbi tristique senectus et netus et malesuada fames ac turpis egestas. Quisque ultrices, quam nec scelerisque malesuada, lectus elit semper diam, ac placerat purus tortor et enim.
  </p>
  <p>
    Lorem ipsum dolor sit amet, consectetur adipiscing elit. Nullam in vestibulum tortor, vitae venenatis lectus. Praesent gravida dapibus neque sit amet molestie. Morbi blandit eu dolor a luctus. Vestibulum sollicitudin elit ac nunc scelerisque rhoncus. Nulla felis sapien, condimentum ut imperdiet vel, aliquet id ante. Pellentesque habitant morbi tristique senectus et netus et malesuada fames ac turpis egestas. Quisque ultrices, quam nec scelerisque malesuada, lectus elit semper diam, ac placerat purus tortor et enim.
  </p>
  <p>
    Lorem ipsum dolor sit amet, consectetur adipiscing elit. Nullam in vestibulum tortor, vitae venenatis lectus. Praesent gravida dapibus neque sit amet molestie. Morbi blandit eu dolor a luctus. Vestibulum sollicitudin elit ac nunc scelerisque rhoncus. Nulla felis sapien, condimentum ut imperdiet vel, aliquet id ante. Pellentesque habitant morbi tristique senectus et netus et malesuada fames ac turpis egestas. Quisque ultrices, quam nec scelerisque malesuada, lectus elit semper diam, ac placerat purus tortor et enim.
  </p>
</div>
`;

exports[`Center incorrect usage renders default with console error with no children 1`] = `
.c0 {
  --maxWidth: 1023px;
  box-sizing: content-box;
  margin-inline-start: auto;
  margin-inline-end: auto;
  margin-inline: auto;
  max-inline-size: var(--maxWidth);
}

<div
  className="c0"
>
  <p>
    Lorem ipsum dolor sit amet, consectetur adipiscing elit. Nullam in vestibulum tortor, vitae venenatis lectus. Praesent gravida dapibus neque sit amet molestie. Morbi blandit eu dolor a luctus. Vestibulum sollicitudin elit ac nunc scelerisque rhoncus. Nulla felis sapien, condimentum ut imperdiet vel, aliquet id ante. Pellentesque habitant morbi tristique senectus et netus et malesuada fames ac turpis egestas. Quisque ultrices, quam nec scelerisque malesuada, lectus elit semper diam, ac placerat purus tortor et enim.
  </p>
  <p>
    Lorem ipsum dolor sit amet, consectetur adipiscing elit. Nullam in vestibulum tortor, vitae venenatis lectus. Praesent gravida dapibus neque sit amet molestie. Morbi blandit eu dolor a luctus. Vestibulum sollicitudin elit ac nunc scelerisque rhoncus. Nulla felis sapien, condimentum ut imperdiet vel, aliquet id ante. Pellentesque habitant morbi tristique senectus et netus et malesuada fames ac turpis egestas. Quisque ultrices, quam nec scelerisque malesuada, lectus elit semper diam, ac placerat purus tortor et enim.
  </p>
  <p>
    Lorem ipsum dolor sit amet, consectetur adipiscing elit. Nullam in vestibulum tortor, vitae venenatis lectus. Praesent gravida dapibus neque sit amet molestie. Morbi blandit eu dolor a luctus. Vestibulum sollicitudin elit ac nunc scelerisque rhoncus. Nulla felis sapien, condimentum ut imperdiet vel, aliquet id ante. Pellentesque habitant morbi tristique senectus et netus et malesuada fames ac turpis egestas. Quisque ultrices, quam nec scelerisque malesuada, lectus elit semper diam, ac placerat purus tortor et enim.
  </p>
  <p>
    Lorem ipsum dolor sit amet, consectetur adipiscing elit. Nullam in vestibulum tortor, vitae venenatis lectus. Praesent gravida dapibus neque sit amet molestie. Morbi blandit eu dolor a luctus. Vestibulum sollicitudin elit ac nunc scelerisque rhoncus. Nulla felis sapien, condimentum ut imperdiet vel, aliquet id ante. Pellentesque habitant morbi tristique senectus et netus et malesuada fames ac turpis egestas. Quisque ultrices, quam nec scelerisque malesuada, lectus elit semper diam, ac placerat purus tortor et enim.
  </p>
</div>
`;
