// Jest Snapshot v1, https://goo.gl/fbAQLP

exports[`CSS-Reset should render css-reset global-style 1`] = `null`;
