// Jest Snapshot v1, https://goo.gl/fbAQLP

exports[`useMediaQuery should call window.matchMedia 1`] = `
Array [
  Array [
    "(max-width:320px)",
  ],
  Array [
    "(max-width:320px)",
  ],
]
`;
