// Jest Snapshot v1, https://goo.gl/fbAQLP

exports[`useForwardedRef should update a ref object 1`] = `
Object {
  "current": "safeRef:current",
}
`;

exports[`useForwardedRef useStatefulRef is called 1`] = `
Object {
  "current": "safeRef:current",
}
`;
